// Jest Snapshot v1, https://goo.gl/fbAQLP

exports[`Fieldset Component should match snapshot 1`] = `
.c0 {
  margin: 0 0 1rem 0;
  border: 0;
  padding: 0;
}

<fieldset
  className="c0"
/>
`;
