// Jest Snapshot v1, https://goo.gl/fbAQLP

exports[`PopupBar Component should match snapshot 1`] = `
.c0 {
  display: -webkit-box;
  display: -webkit-flex;
  display: -ms-flexbox;
  display: flex;
  -webkit-box-pack: justify;
  -webkit-justify-content: space-between;
  -ms-flex-pack: justify;
  justify-content: space-between;
  margin: 0.5rem 0;
}

.c0:first-of-type {
  margin-top: 0;
}

.c0:last-of-type {
  margin-bottom: 0;
}

<div
  class="c0"
/>
`;

exports[`PopupBar Component should match snapshot with darkTheme 1`] = `
.c0 {
  display: -webkit-box;
  display: -webkit-flex;
  display: -ms-flexbox;
  display: flex;
  -webkit-box-pack: justify;
  -webkit-justify-content: space-between;
  -ms-flex-pack: justify;
  justify-content: space-between;
  margin: 0.5rem 0;
}

.c0:first-of-type {
  margin-top: 0;
}

.c0:last-of-type {
  margin-bottom: 0;
}

<div
  class="c0"
/>
`;

exports[`PopupBar Component should match snapshot with lightTheme 1`] = `
.c0 {
  display: -webkit-box;
  display: -webkit-flex;
  display: -ms-flexbox;
  display: flex;
  -webkit-box-pack: justify;
  -webkit-justify-content: space-between;
  -ms-flex-pack: justify;
  justify-content: space-between;
  margin: 0.5rem 0;
}

.c0:first-of-type {
  margin-top: 0;
}

.c0:last-of-type {
  margin-bottom: 0;
}

<div
  class="c0"
/>
`;
