// Jest Snapshot v1, https://goo.gl/fbAQLP

exports[`Spinner Component should match snapshot 1`] = `
.c0 {
  -webkit-animation: kJPzGr 1s ease infinite;
  animation: kJPzGr 1s ease infinite;
}

<svg
  class="c0"
  fill="none"
  height="45"
  stroke="#1F95EB"
  viewBox="0 0 45 45"
  width="45"
  xmlns="http://www.w3.org/2000/svg"
>
  <path
    d="M43 22.5C43 33.8218 33.8218 43 22.5 43S2 33.8218 2 22.5 11.1782 2 22.5 2"
    stroke-width="4"
  />
</svg>
`;

exports[`Spinner Component should match snapshot with darkTheme 1`] = `
.c0 {
  -webkit-animation: kJPzGr 1s ease infinite;
  animation: kJPzGr 1s ease infinite;
}

<svg
  class="c0"
  fill="none"
  height="45"
  stroke="#1F95EB"
  viewBox="0 0 45 45"
  width="45"
  xmlns="http://www.w3.org/2000/svg"
>
  <path
    d="M43 22.5C43 33.8218 33.8218 43 22.5 43S2 33.8218 2 22.5 11.1782 2 22.5 2"
    stroke-width="4"
  />
</svg>
`;

exports[`Spinner Component should match snapshot with lightTheme 1`] = `
.c0 {
  -webkit-animation: kJPzGr 1s ease infinite;
  animation: kJPzGr 1s ease infinite;
}

<svg
  class="c0"
  fill="none"
  height="45"
  stroke="#1F95EB"
  viewBox="0 0 45 45"
  width="45"
  xmlns="http://www.w3.org/2000/svg"
>
  <path
    d="M43 22.5C43 33.8218 33.8218 43 22.5 43S2 33.8218 2 22.5 11.1782 2 22.5 2"
    stroke-width="4"
  />
</svg>
`;
